"--------------------------------------------------------"
"1iter region join"
Initializing console
Cycles: 2366698

Time(ns): 1154046602.71058

Cycles: 9252511

Time(ns): 4511698951.912

"--------------------------------------------------------"
"1iter nonregion join"
Initializing console
Cycles: 3184613

Time(ns): 1552877390.18579

Cycles: 10075830

Time(ns): 4913164831.75686

"--------------------------------------------------------"
"2iter region join"
Initializing console
Cycles: 4822043

Time(ns): 2351319155.32709

Cycles: 19080149

Time(ns): 9303840681.26208

"--------------------------------------------------------"
"2iter nonregion join"
Initializing console
Cycles: 6640998

Time(ns): 3238275935.71623

Cycles: 20861411

Time(ns): 10172417643.6111

"--------------------------------------------------------"
"4iter region join"
Initializing console
Cycles: 10487736

Time(ns): 5114017969.73057

Cycles: 40481082

Time(ns): 19739339432.4702

"--------------------------------------------------------"
"4iter nonregion join"
Initializing console
Cycles: 13294598

Time(ns): 6482696844.42325

Cycles: 42587443

Time(ns): 20766440801.6064

"--------------------------------------------------------"
"8iter region join"
Initializing console
Cycles: 19269507

Time(ns): 9396175215.11306

Cycles: 77802799

Time(ns): 37938112875.9663

"--------------------------------------------------------"
"8iter nonregion join"
Initializing console
Cycles: 28056652

Time(ns): 13680952924.2991

Cycles: 86205559

Time(ns): 42035457206.0804

"--------------------------------------------------------"
"12iter region join"
Initializing console
Cycles: 28532892

Time(ns): 13913176534.6097

Cycles: 116188974

Time(ns): 56655936125.8291

"--------------------------------------------------------"
"12iter nonregion join"
Initializing console
Cycles: 40796063

Time(ns): 19892930111.5379

Cycles: 128474534

Time(ns): 62646607001.6218

"--------------------------------------------------------"
"16iter region join"
Initializing console
Cycles: 35893203

Time(ns): 17502203062.0515

Cycles: 151953880

Time(ns): 74095579149.8073

"--------------------------------------------------------"
"16iter nonregion join"
Initializing console
Cycles: 54521046

Time(ns): 26585490803.0205

Cycles: 170941319

Time(ns): 83354212685.6974

"--------------------------------------------------------"
"20iter region join"
Initializing console
Cycles: 48190761

Time(ns): 23498724389.0379

Cycles: 195534324

Time(ns): 95346225976.2374

"--------------------------------------------------------"
"20iter nonregion join"
Initializing console
Cycles: 73588044

Time(ns): 35882918808.5325

Cycles: 220663855

Time(ns): 107599859468.242

"--------------------------------------------------------"
"24iter region join"
Initializing console
Cycles: 55551263

Time(ns): 27087844051.6837

Cycles: 233400945

Time(ns): 113810704892.085

"--------------------------------------------------------"
"24iter nonregion join"
Initializing console
Cycles: 84631739

Time(ns): 41268032877.2146

Cycles: 261955373

Time(ns): 127734382786.664

"--------------------------------------------------------"
"28iter region join"
Initializing console
Cycles: 66423147

Time(ns): 32389179834.8142

Cycles: 274580534

Time(ns): 133890649518.086

"--------------------------------------------------------"
"28iter nonregion join"
Initializing console
Cycles: 97007591

Time(ns): 47302731835.9533

Cycles: 306544628

Time(ns): 149476944892.241

"--------------------------------------------------------"
"32iter region join"
Initializing console
Cycles: 77129344

Time(ns): 37609723510.3487

Cycles: 320241736

Time(ns): 156155913207.742

"--------------------------------------------------------"
"32iter nonregion join"
Initializing console
Cycles: 111922245

Time(ns): 54575398555.2828

Cycles: 359461353

Time(ns): 175280138503.264

"--------------------------------------------------------"
"36iter region join"
Initializing console
Cycles: 84873201

Time(ns): 41385774304.6311

Cycles: 367290266

Time(ns): 179097664208.092

"--------------------------------------------------------"
"36iter nonregion join"
Initializing console
Cycles: 126538333

Time(ns): 61702478859.2839

Cycles: 395091291

Time(ns): 192653968583.692

"--------------------------------------------------------"
"40iter region join"
Initializing console
Cycles: 94501095

Time(ns): 46080517090.5537

Cycles: 404507556

Time(ns): 197245517075.925

"--------------------------------------------------------"
"40iter nonregion join"
Initializing console
Cycles: 150670833

Time(ns): 73469941222.4215

Cycles: 449354377

Time(ns): 219113673223.19

"--------------------------------------------------------"
"1iter region join"
Initializing console
Cycles: 2495363

Time(ns): 1216786084.52776

Cycles: 9374609

Time(ns): 4571236240.61456

"--------------------------------------------------------"
"1iter nonregion join"
Initializing console
Cycles: 3317541

Time(ns): 1617695591.24276

Cycles: 10318572

Time(ns): 5031530411.32602

"--------------------------------------------------------"
"2iter region join"
Initializing console
Cycles: 4490228

Time(ns): 2189519900.21367

Cycles: 18659278

Time(ns): 9098616040.12518

"--------------------------------------------------------"
"2iter nonregion join"
Initializing console
Cycles: 6940676

Time(ns): 3384404583.22728

Cycles: 21259820

Time(ns): 10366689389.706

"--------------------------------------------------------"
"4iter region join"
Initializing console
Cycles: 9992720

Time(ns): 4872638827.53018

Cycles: 39287330

Time(ns): 19157243432.0176

"--------------------------------------------------------"
"4iter nonregion join"
Initializing console
Cycles: 14535604

Time(ns): 7087834786.92518

Cycles: 43972363

Time(ns): 21441753926.0633

"--------------------------------------------------------"
"8iter region join"
Initializing console
Cycles: 18755276

Time(ns): 9145426476.33927

Cycles: 76616951

Time(ns): 37359871015.0567

"--------------------------------------------------------"
"8iter nonregion join"
Initializing console
Cycles: 27923438

Time(ns): 13615995264.2455

Cycles: 86087294

Time(ns): 41977788960.5038

"--------------------------------------------------------"
"12iter region join"
Initializing console
Cycles: 27946216

Time(ns): 13627102246.8502

Cycles: 115765855

Time(ns): 56449615317.474

"--------------------------------------------------------"
"12iter nonregion join"
Initializing console
Cycles: 40709022

Time(ns): 19850487277.5361

Cycles: 128028751

Time(ns): 62429234799.2132

"--------------------------------------------------------"
"16iter region join"
Initializing console
Cycles: 37092300

Time(ns): 18086905385.3603

Cycles: 154250778

Time(ns): 75215589955.4414

"--------------------------------------------------------"
"16iter nonregion join"
Initializing console
Cycles: 52771743

Time(ns): 25732497652.1151

Cycles: 171667473

Time(ns): 83708299078.1078

"--------------------------------------------------------"
"20iter region join"
Initializing console
Cycles: 46643273

Time(ns): 22744140040.2383

Cycles: 195245054

Time(ns): 95205172465.9179

"--------------------------------------------------------"
"20iter nonregion join"
Initializing console
Cycles: 71109984

Time(ns): 34674569993.3001

Cycles: 219391419

Time(ns): 106979395664.678

"--------------------------------------------------------"
"24iter region join"
Initializing console
Cycles: 53326138

Time(ns): 26002831115.1551

Cycles: 230123798

Time(ns): 112212706177.448

"--------------------------------------------------------"
"24iter nonregion join"
Initializing console
Cycles: 82127625

Time(ns): 40046979639.9617

Cycles: 261355031

Time(ns): 127441644699.437

"--------------------------------------------------------"
"28iter region join"
Initializing console
Cycles: 67185518

Time(ns): 32760926319.8136

Cycles: 279522284

Time(ns): 136300340065.399

"--------------------------------------------------------"
"28iter nonregion join"
Initializing console
Cycles: 101613160

Time(ns): 49548494184.1697

Cycles: 311193891

Time(ns): 151744013259.332

"--------------------------------------------------------"
"32iter region join"
Initializing console
Cycles: 75158254

Time(ns): 36648582833.2802

Cycles: 319870343

Time(ns): 155974814973.02

"--------------------------------------------------------"
"32iter nonregion join"
Initializing console
Cycles: 115568414

Time(ns): 56353339360.3026

Cycles: 361444306

Time(ns): 176247063802.979

"--------------------------------------------------------"
"36iter region join"
Initializing console
Cycles: 87619963

Time(ns): 42725147285.2795

Cycles: 356779818

Time(ns): 173972571438.602

"--------------------------------------------------------"
"36iter nonregion join"
Initializing console
Cycles: 130825597

Time(ns): 63793029683.3111

Cycles: 401701089

Time(ns): 195877030810.686

"--------------------------------------------------------"
"40iter region join"
Initializing console
Cycles: 97952753

Time(ns): 47763610661.6891

Cycles: 408936647

Time(ns): 199405225421.327

"--------------------------------------------------------"
"40iter nonregion join"
Initializing console
Cycles: 149254074

Time(ns): 72779102800.7853

Cycles: 461737365

Time(ns): 225151851830.18

"--------------------------------------------------------"
"1iter region join"
Initializing console
Cycles: 2384107

Time(ns): 1162535559.60604

Cycles: 9339632

Time(ns): 4554180795.4234

"--------------------------------------------------------"
"1iter nonregion join"
Initializing console
Cycles: 2288566

Time(ns): 1115947965.21522

Cycles: 9248085

Time(ns): 4509540750.79653

"--------------------------------------------------------"
"2iter region join"
Initializing console
Cycles: 5306896

Time(ns): 2587742626.95889

Cycles: 19241988

Time(ns): 9382756431.44908

"--------------------------------------------------------"
"2iter nonregion join"
Initializing console
Cycles: 6355521

Time(ns): 3099071963.76797

Cycles: 20698680

Time(ns): 10093066937.3927

"--------------------------------------------------------"
"4iter region join"
Initializing console
Cycles: 9902197

Time(ns): 4828498104.62545

Cycles: 38858150

Time(ns): 18947967165.6958

"--------------------------------------------------------"
"4iter nonregion join"
Initializing console
Cycles: 12291494

Time(ns): 5993564406.16311

Cycles: 41760139

Time(ns): 20363031760.5674

"--------------------------------------------------------"
"8iter region join"
Initializing console
Cycles: 19274951

Time(ns): 9398829812.23748

Cycles: 77127705

Time(ns): 37608924303.022

"--------------------------------------------------------"
"8iter nonregion join"
Initializing console
Cycles: 27643597

Time(ns): 13479539512.2446

Cycles: 86202752

Time(ns): 42034088459.9143

"--------------------------------------------------------"
"12iter region join"
Initializing console
Cycles: 26512595

Time(ns): 12928041595.84

Cycles: 113983121

Time(ns): 55580320580.1494

"--------------------------------------------------------"
"12iter nonregion join"
Initializing console
Cycles: 41688783

Time(ns): 20328237228.5304

Cycles: 130229085

Time(ns): 63502159176.3532

"--------------------------------------------------------"
"16iter region join"
Initializing console
Cycles: 37793747

Time(ns): 18428944178.3671

Cycles: 154524042

Time(ns): 75348838638.139

"--------------------------------------------------------"
"16iter nonregion join"
Initializing console
Cycles: 56180190

Time(ns): 27394520724.2896

Cycles: 178731276

Time(ns): 87152742709.8541

"--------------------------------------------------------"
"20iter region join"
Initializing console
Cycles: 46963434

Time(ns): 22900256585.049

Cycles: 195462743

Time(ns): 95311321729.9547

"--------------------------------------------------------"
"20iter nonregion join"
Initializing console
Cycles: 72121431

Time(ns): 35167770635.7867

Cycles: 219590110

Time(ns): 107076281145.436

"--------------------------------------------------------"
"24iter region join"
Initializing console
Cycles: 56601664

Time(ns): 27600039399.6046

Cycles: 238267380

Time(ns): 116183670424.258

"--------------------------------------------------------"
"24iter nonregion join"
Initializing console
Cycles: 93531573

Time(ns): 45607759869.1621

Cycles: 271106505

Time(ns): 132196647425.226

"--------------------------------------------------------"
"28iter region join"
Initializing console
Cycles: 70000894

Time(ns): 34133756781.5594

Cycles: 282816613

Time(ns): 137906717047.448

"--------------------------------------------------------"
"28iter nonregion join"
Initializing console
Cycles: 102198349

Time(ns): 49833843382.6706

Cycles: 323090323

Time(ns): 157544937979.756

"--------------------------------------------------------"
"32iter region join"
Initializing console
Cycles: 76150649

Time(ns): 37132493361.0691

Cycles: 326965224

Time(ns): 159434412823.986

"--------------------------------------------------------"
"32iter nonregion join"
Initializing console
Cycles: 121241906

Time(ns): 59119841114.2676

Cycles: 372025556

Time(ns): 181406680963.652

"--------------------------------------------------------"
"36iter region join"
Initializing console
Cycles: 85162216

Time(ns): 41526703472.1389

Cycles: 355427761

Time(ns): 173313282933.047

"--------------------------------------------------------"
"36iter nonregion join"
Initializing console
Cycles: 137741387

Time(ns): 67165299383.3572

Cycles: 409339620

Time(ns): 199601722659.941

"--------------------------------------------------------"
"40iter region join"
Initializing console
Cycles: 94077540

Time(ns): 45873983680.3717

Cycles: 404747315

Time(ns): 197362428088.407

"--------------------------------------------------------"
"40iter nonregion join"
Initializing console
Cycles: 144888656

Time(ns): 70650442611.6477

Cycles: 442459241

Time(ns): 215751474803.27

