"--------------------------------------------------------"
"Region 10 500"
Cycles: 1482839

Time(ns): 723060276.518908

"Nonregion 10 500"
"--------------------------------------------------------"
Cycles: 1961933

Time(ns): 956675551.082465

"--------------------------------------------------------"
"Region 20 500"
Cycles: 2982145

Time(ns): 1454150172.95841

"Nonregion 20 500"
"--------------------------------------------------------"
Cycles: 3968505

Time(ns): 1935117920.87116

"--------------------------------------------------------"
"Region 30 500"
Cycles: 4421306

Time(ns): 2155912232.50448

"Nonregion 30 500"
"--------------------------------------------------------"
Cycles: 6250990

Time(ns): 3048100675.74223

"--------------------------------------------------------"
"Region 40 500"
Cycles: 5834219

Time(ns): 2844875271.96942

"Nonregion 40 500"
"--------------------------------------------------------"
Cycles: 8247494

Time(ns): 4021633698.75491

"--------------------------------------------------------"
"Region 50 500"
Cycles: 7234659

Time(ns): 3527756241.27772

"Nonregion 50 500"
"--------------------------------------------------------"
Cycles: 9919239

Time(ns): 4836808105.39589

"--------------------------------------------------------"
"Region 10 1000"
Cycles: 5853689

Time(ns): 2854369211.3545

"Nonregion 10 1000"
"--------------------------------------------------------"
Cycles: 8822111

Time(ns): 4301827790.56965

"--------------------------------------------------------"
"Region 20 1000"
Cycles: 11552261

Time(ns): 5633100446.56136

"Nonregion 20 1000"
"--------------------------------------------------------"
Cycles: 17549857

Time(ns): 8557641426.53875

"--------------------------------------------------------"
"Region 30 1000"
Cycles: 17333024

Time(ns): 8451909564.25403

"Nonregion 30 1000"
"--------------------------------------------------------"
Cycles: 26272475

Time(ns): 12810954552.9461

"--------------------------------------------------------"
"Region 40 1000"
Cycles: 23175195

Time(ns): 11300662381.472

"Nonregion 40 1000"
"--------------------------------------------------------"
Cycles: 34095223

Time(ns): 16625474087.4457

"--------------------------------------------------------"
"Region 50 1000"
Cycles: 28964520

Time(ns): 14123646491.9236

"Nonregion 50 1000"
"--------------------------------------------------------"
Cycles: 41960135

Time(ns): 20460553583.9499

"--------------------------------------------------------"
"Region 10 1500"
Cycles: 13085944

Time(ns): 6380953216.87044

"Nonregion 10 1500"
"--------------------------------------------------------"
Cycles: 20338580

Time(ns): 9917475382.56138

"--------------------------------------------------------"
"Region 20 1500"
Cycles: 26380320

Time(ns): 12863541809.9047

"Nonregion 20 1500"
"--------------------------------------------------------"
Cycles: 41765864

Time(ns): 20365823378.5941

"--------------------------------------------------------"
"Region 30 1500"
Cycles: 39245592

Time(ns): 19136891195.6512

"Nonregion 30 1500"
"--------------------------------------------------------"
Cycles: 62161296

Time(ns): 30311020869.1124

"--------------------------------------------------------"
"Region 40 1500"
Cycles: 52210024

Time(ns): 25458592868.4765

"Nonregion 40 1500"
"--------------------------------------------------------"
Cycles: 84173689

Time(ns): 41044679054.1364

"--------------------------------------------------------"
"Region 50 1500"
Cycles: 66117876

Time(ns): 32240323934.9672

"Nonregion 50 1500"
"--------------------------------------------------------"
Cycles: 104283522

Time(ns): 50850613083.2044

"--------------------------------------------------------"
"Region 10 2000"
Cycles: 23090052

Time(ns): 11259145048.0841

"Nonregion 10 2000"
"--------------------------------------------------------"
Cycles: 51582892

Time(ns): 25152791471.741

"--------------------------------------------------------"
"Region 20 2000"
Cycles: 46198089

Time(ns): 22527059921.5324

"Nonregion 20 2000"
"--------------------------------------------------------"
Cycles: 105974928

Time(ns): 51675374564.4344

"--------------------------------------------------------"
"Region 30 2000"
Cycles: 69224789

Time(ns): 33755313339.0092

"Nonregion 30 2000"
"--------------------------------------------------------"
Cycles: 159644343

Time(ns): 77845594022.1828

"--------------------------------------------------------"
"Region 40 2000"
Cycles: 101355319

Time(ns): 49422766047.2932

"Nonregion 40 2000"
"--------------------------------------------------------"
Cycles: 206925436

Time(ns): 100900747129.632

"--------------------------------------------------------"
"Region 50 2000"
Cycles: 122359779

Time(ns): 59664937082.5373

"Nonregion 50 2000"
"--------------------------------------------------------"
Cycles: 267143825

Time(ns): 130264369884.269

"--------------------------------------------------------"
"Region 10 2500"
Cycles: 36330562

Time(ns): 17715467563.1052

"Nonregion 10 2500"
"--------------------------------------------------------"
Cycles: 95288217

Time(ns): 46464332630.1869

"--------------------------------------------------------"
"Region 20 2500"
Cycles: 73637606

Time(ns): 35907086174.9323

"Nonregion 20 2500"
"--------------------------------------------------------"
Cycles: 177277082

Time(ns): 86443650275.846

"--------------------------------------------------------"
"Region 30 2500"
Cycles: 109873979

Time(ns): 53576625404.3579

"Nonregion 30 2500"
"--------------------------------------------------------"
Cycles: 249871146

Time(ns): 121841885680.682

"--------------------------------------------------------"
"Region 40 2500"
Cycles: 151421911

Time(ns): 73836181027.53

"Nonregion 40 2500"
"--------------------------------------------------------"
Cycles: 340238355

Time(ns): 165906641954.142

"--------------------------------------------------------"
"Region 50 2500"
Cycles: 186622268

Time(ns): 91000539306.4694

"Nonregion 50 2500"
"--------------------------------------------------------"
Cycles: 321089927

Time(ns): 156569507144.104

"--------------------------------------------------------"
"Region 10 3000"
Cycles: 52245019

Time(ns): 25475657090.8073

"Nonregion 10 3000"
"--------------------------------------------------------"
Cycles: 137546673

Time(ns): 67070353162.8423

"--------------------------------------------------------"
"Region 20 3000"
Cycles: 105133350

Time(ns): 51265005251.6552

"Nonregion 20 3000"
"--------------------------------------------------------"
Cycles: 275022712

Time(ns): 134106263854.471

"--------------------------------------------------------"
"Region 30 3000"
Cycles: 177084547

Time(ns): 86349766576.8473

"Nonregion 30 3000"
"--------------------------------------------------------"
Cycles: 425560504

Time(ns): 207511331774.903

"--------------------------------------------------------"
"Region 40 3000"
Cycles: 213589730

Time(ns): 104150382634.527

"Nonregion 40 3000"
"--------------------------------------------------------"
Cycles: 521298823

Time(ns): 254195142633.395

"--------------------------------------------------------"
"Region 50 3000"
Cycles: 275134966

Time(ns): 134161001023.024

BROOM: GarbageCollectTry
BROOM: GarbageCollectTry
BROOM: GarbageCollectTry
"Nonregion 50 3000"
"--------------------------------------------------------"
Cycles: 672276550

Time(ns): 327814731161.089

